// Jest Snapshot v1, https://goo.gl/fbAQLP

exports[`Controls should match snapshot 1`] = `
ShallowWrapper {
  "length": 1,
  Symbol(enzyme.__root__): [Circular],
  Symbol(enzyme.__unrendered__): <Controls />,
  Symbol(enzyme.__renderer__): Object {
    "batchedUpdates": [Function],
    "getNode": [Function],
    "render": [Function],
    "simulateEvent": [Function],
    "unmount": [Function],
  },
  Symbol(enzyme.__node__): Object {
    "instance": null,
    "key": undefined,
    "nodeType": "host",
    "props": Object {
      "children": Array [
        <div>
          <button
                    onClick={[Function]}
          >
                    people
          </button>
          <button
                    onClick={[Function]}
          >
                    planets
          </button>
          <button
                    onClick={[Function]}
          >
                    vehicles
          </button>
</div>,
        <div>
          <button>
                    favorites 
                    <span />
          </button>
</div>,
      ],
    },
    "ref": null,
    "rendered": Array [
      Object {
        "instance": null,
        "key": undefined,
        "nodeType": "host",
        "props": Object {
          "children": Array [
            <button
              onClick={[Function]}
>
              people
</button>,
            <button
              onClick={[Function]}
>
              planets
</button>,
            <button
              onClick={[Function]}
>
              vehicles
</button>,
          ],
        },
        "ref": null,
        "rendered": Array [
          Object {
            "instance": null,
            "key": undefined,
            "nodeType": "host",
            "props": Object {
              "children": "people",
              "onClick": [Function],
            },
            "ref": null,
            "rendered": "people",
            "type": "button",
          },
          Object {
            "instance": null,
            "key": undefined,
            "nodeType": "host",
            "props": Object {
              "children": "planets",
              "onClick": [Function],
            },
            "ref": null,
            "rendered": "planets",
            "type": "button",
          },
          Object {
            "instance": null,
            "key": undefined,
            "nodeType": "host",
            "props": Object {
              "children": "vehicles",
              "onClick": [Function],
            },
            "ref": null,
            "rendered": "vehicles",
            "type": "button",
          },
        ],
        "type": "div",
      },
      Object {
        "instance": null,
        "key": undefined,
        "nodeType": "host",
        "props": Object {
          "children": <button>
            favorites 
            <span />
</button>,
        },
        "ref": null,
        "rendered": Object {
          "instance": null,
          "key": undefined,
          "nodeType": "host",
          "props": Object {
            "children": Array [
              "favorites ",
              <span />,
            ],
          },
          "ref": null,
          "rendered": Array [
            "favorites ",
            Object {
              "instance": null,
              "key": undefined,
              "nodeType": "host",
              "props": Object {
                "children": 0,
              },
              "ref": null,
              "rendered": 0,
              "type": "span",
            },
          ],
          "type": "button",
        },
        "type": "div",
      },
    ],
    "type": "div",
  },
  Symbol(enzyme.__nodes__): Array [
    Object {
      "instance": null,
      "key": undefined,
      "nodeType": "host",
      "props": Object {
        "children": Array [
          <div>
            <button
                        onClick={[Function]}
            >
                        people
            </button>
            <button
                        onClick={[Function]}
            >
                        planets
            </button>
            <button
                        onClick={[Function]}
            >
                        vehicles
            </button>
</div>,
          <div>
            <button>
                        favorites 
                        <span />
            </button>
</div>,
        ],
      },
      "ref": null,
      "rendered": Array [
        Object {
          "instance": null,
          "key": undefined,
          "nodeType": "host",
          "props": Object {
            "children": Array [
              <button
                onClick={[Function]}
>
                people
</button>,
              <button
                onClick={[Function]}
>
                planets
</button>,
              <button
                onClick={[Function]}
>
                vehicles
</button>,
            ],
          },
          "ref": null,
          "rendered": Array [
            Object {
              "instance": null,
              "key": undefined,
              "nodeType": "host",
              "props": Object {
                "children": "people",
                "onClick": [Function],
              },
              "ref": null,
              "rendered": "people",
              "type": "button",
            },
            Object {
              "instance": null,
              "key": undefined,
              "nodeType": "host",
              "props": Object {
                "children": "planets",
                "onClick": [Function],
              },
              "ref": null,
              "rendered": "planets",
              "type": "button",
            },
            Object {
              "instance": null,
              "key": undefined,
              "nodeType": "host",
              "props": Object {
                "children": "vehicles",
                "onClick": [Function],
              },
              "ref": null,
              "rendered": "vehicles",
              "type": "button",
            },
          ],
          "type": "div",
        },
        Object {
          "instance": null,
          "key": undefined,
          "nodeType": "host",
          "props": Object {
            "children": <button>
              favorites 
              <span />
</button>,
          },
          "ref": null,
          "rendered": Object {
            "instance": null,
            "key": undefined,
            "nodeType": "host",
            "props": Object {
              "children": Array [
                "favorites ",
                <span />,
              ],
            },
            "ref": null,
            "rendered": Array [
              "favorites ",
              Object {
                "instance": null,
                "key": undefined,
                "nodeType": "host",
                "props": Object {
                  "children": 0,
                },
                "ref": null,
                "rendered": 0,
                "type": "span",
              },
            ],
            "type": "button",
          },
          "type": "div",
        },
      ],
      "type": "div",
    },
  ],
  Symbol(enzyme.__options__): Object {
    "adapter": ReactSixteenAdapter {
      "options": Object {
        "enableComponentDidUpdateOnSetState": true,
      },
    },
  },
}
`;
